// Jest Snapshot v1, https://goo.gl/fbAQLP

exports[`renders properly 1`] = `
<div>
  <h1>
    Hello 
    CodeSandbox
    !
  </h1>
  <div
    alt="this is tooltip"
    className="sc-bdVaJa bEXVQr"
    id="123"
  >
    This is test
  </div>
</div>
`;
